----------------
Coverage Report:

__main__: test/basic_{}.py:
   2   from sys import argv
   3
   4
   5   def top(arg):
   6 %   if arg:
   7       inlined()

__main__: test/basic_{}.py: 16 lines; 7 trivial; 9 traceable; 8 covered; 0 ignored; 0 ignored but covered; 1 not covered.
