cove report:

__main__: basic.py: 16 lines; 9 traceable; 0 ignored.
