----------------
Coverage Report:

__main__: test/basic_{}.py: 16 lines; 7 trivial; 9 traceable; 9 covered; 0 relaxed; 0 ignored; 0 ignored but covered; 0 not covered.
