----------------
Coverage Report:

__main__: test/exc-TEE_{}.py: 12 lines; 3 trivial; 9 traceable; 8 covered; 1 relaxed; 0 ignored; 0 ignored but covered; 0 not covered.
