----------------
Coverage Report:

__main__: test/exc-TEE_{}.py:
   2   from exc import *
   3
   4   def top(arg):
   5     try:
   6 %     try_(arg)
   7     except E1:

__main__: test/exc-TEE_{}.py: 12 lines; 3 trivial; 9 traceable; 8 covered; 0 ignored; 0 ignored but covered; 1 not covered.
