handle_args: char:1; exception: TestException().
----------------
Coverage Report:

__main__: exc-TF-TXR_{}.py:
   4   def top(arg):
   5     try:
   6       try:
   7         try_(arg, raise_start=2)
   8 !     except:
   9 !       exc()
  10 %     if arg == 1:
  11         raise TestException # this tests the is_TEF heuristic.

__main__: exc-TF-TXR_{}.py: 15 lines; 4 trivial; 11 traceable; 8 covered; 0 ignored; 0 ignored but covered; 3 not covered.
