----------------
Coverage Report:

__main__: exit.py:
   1   def f():
   2     exit()
   3
   4 % f()

__main__: exit.py: 4 lines; 1 trivial; 3 traceable; 2 covered; 0 ignored; 0 ignored but covered; 1 not covered.
