----------------
Coverage Report:

__main__: test/for_{}.py:
   3
   4
   5   def top(arg):
   6
   7 %   for i in range(arg):
   8 !     for_()
   9
  10 %   for i in range(arg):
  11 !     for_()
  12 !     if i:
  13 !       break
  14     else:
  15       else_()
  16
  17
  18 % def for_(): pass
  19   def else_(): pass

__main__: test/for_{}.py: 22 lines; 10 trivial; 12 traceable; 5 covered; 0 ignored; 0 ignored but covered; 7 not covered.
