cove report:

__main__: test/inline-{}.py: 28 lines; [37m11 trivial[0m; 17 traceable; 17 covered; 0 relaxed; 0 ignored; 0 ignored but covered; 0 not covered.
