cove report:

__main__: test/inline-{}.py
[30m   5 [0m  def top(arg):[0m
[30m   6 [37m  [0m
[30m   7 [0m    r_if = 0[0m
[30m   8 [0m    if arg: r_if = (1 if arg == 1 else arg)[0m
[30m   9 [31m!   else: r_if == arg # 0 case only.[0m
[30m  10 [37m  [0m
[30m  11 [31m%   r_while = 0[0m
[30m  12 [0m    i = arg[0m
[30m   â€¦[0m
[30m  14 [37m  [0m
[30m  15 [0m    r_for = 0[0m
[30m  16 [0m    for i in range(arg): r_for = (1 if arg == 1 else arg)[0m
[30m  17 [37m  [0m
[30m  18 [31m%   try: raises_if(arg)[0m
[30m  19 [0m    except Exception: r_exc = (1 if arg == 1 else arg)[0m
[30m  20 [31m!   else: r_exc = arg # 0 case only.[0m
[30m  21 [0m    finally: r_fin = (1 if arg == 1 else arg)[0m
[30m  22 [37m  [0m
[30m  23 [37m  [0m
[30m  24 [0m  def raises_if(arg):[0m
[30m  25 [31m%   if arg: raise Exception(arg)[0m
[30m  26 [37m  [0m

__main__: test/inline-{}.py: 28 lines; [37m11 trivial[0m; 17 traceable; 12 covered; 0 relaxed; 0 ignored; 0 ignored but covered; [31m5 not covered[0m.
