----------------
Coverage Report:

__main__: test/while_{}.py: 25 lines; 9 trivial; 16 traceable; 16 covered; 0 ignored; 0 ignored but covered; 0 not covered.
