cove report:

__main__: test/while-{}.py:
[30m  12 [0m    i = arg[0m
[30m  13 [0m    while i:[0m
[30m  14 [0m      while_()[0m
[30m  15 [0m      if i == 2:[0m
[30m  16 [31m!       break[0m
[30m  17 [0m      i -= 1[0m

__main__: test/while-{}.py: 25 lines; [37m9 trivial[0m; 16 traceable; 15 covered; 0 relaxed; 0 ignored; 0 ignored but covered; [31m1 not covered[0m.
