----------------
Coverage Report:

__main__: test/yield-from_{}.py:
   1   from exc import *
   2
   3   def gen():
   4 %   for i in range(1):
   5 %     yield i
   6
   7   def yield_from_range():
   8 %   yield from range(1)
   9
  10   def yield_from_gen():
  11 %   yield from gen()
  12

__main__: test/yield-from_{}.py: 19 lines; 5 trivial; 14 traceable; 9 covered; 1 ignored; 0 ignored but covered; 4 not covered.
